Archive member included to satisfy reference by file (symbol)

c:/program files (x86)/atollic/truestudio for stm32 9.3.0/armtools/bin/../lib/gcc/arm-atollic-eabi/6.3.1/../../../../arm-atollic-eabi/lib/armv7-m\libc_nano.a(lib_a-errno.o)
                              Src\syscalls.o (__errno)
c:/program files (x86)/atollic/truestudio for stm32 9.3.0/armtools/bin/../lib/gcc/arm-atollic-eabi/6.3.1/../../../../arm-atollic-eabi/lib/armv7-m\libc_nano.a(lib_a-impure.o)
                              c:/program files (x86)/atollic/truestudio for stm32 9.3.0/armtools/bin/../lib/gcc/arm-atollic-eabi/6.3.1/../../../../arm-atollic-eabi/lib/armv7-m\libc_nano.a(lib_a-errno.o) (_impure_ptr)
c:/program files (x86)/atollic/truestudio for stm32 9.3.0/armtools/bin/../lib/gcc/arm-atollic-eabi/6.3.1/../../../../arm-atollic-eabi/lib/armv7-m\libc_nano.a(lib_a-init.o)
                              startup\startup_stm32f107xc.o (__libc_init_array)
c:/program files (x86)/atollic/truestudio for stm32 9.3.0/armtools/bin/../lib/gcc/arm-atollic-eabi/6.3.1/../../../../arm-atollic-eabi/lib/armv7-m\libc_nano.a(lib_a-memset.o)
                              Src\main.o (memset)
c:/program files (x86)/atollic/truestudio for stm32 9.3.0/armtools/bin/../lib/gcc/arm-atollic-eabi/6.3.1/armv7-m\libgcc.a(_aeabi_uldivmod.o)
                              Drivers\STM32F1xx_HAL_Driver\Src\stm32f1xx_hal_rcc.o (__aeabi_uldivmod)
c:/program files (x86)/atollic/truestudio for stm32 9.3.0/armtools/bin/../lib/gcc/arm-atollic-eabi/6.3.1/armv7-m\libgcc.a(_udivmoddi4.o)
                              c:/program files (x86)/atollic/truestudio for stm32 9.3.0/armtools/bin/../lib/gcc/arm-atollic-eabi/6.3.1/armv7-m\libgcc.a(_aeabi_uldivmod.o) (__udivmoddi4)
c:/program files (x86)/atollic/truestudio for stm32 9.3.0/armtools/bin/../lib/gcc/arm-atollic-eabi/6.3.1/armv7-m\libgcc.a(_dvmd_tls.o)
                              c:/program files (x86)/atollic/truestudio for stm32 9.3.0/armtools/bin/../lib/gcc/arm-atollic-eabi/6.3.1/armv7-m\libgcc.a(_aeabi_uldivmod.o) (__aeabi_ldiv0)

Allocating common symbols
Common symbol       size              file

hUsbDeviceFS        0x2c4             Src\usb_device.o
hpcd_USB_OTG_FS     0x400             Src\usbd_conf.o
uwTick              0x4               Drivers\STM32F1xx_HAL_Driver\Src\stm32f1xx_hal.o
pFlash              0x20              Drivers\STM32F1xx_HAL_Driver\Src\stm32f1xx_hal_flash.o
UserRxBufferFS      0x3e8             Src\usbd_cdc_if.o
UserTxBufferFS      0x3e8             Src\usbd_cdc_if.o
USBD_StrDesc        0x200             Src\usbd_desc.o

Discarded input sections

 .text          0x00000000        0x0 c:/program files (x86)/atollic/truestudio for stm32 9.3.0/armtools/bin/../lib/gcc/arm-atollic-eabi/6.3.1/armv7-m/crti.o
 .data          0x00000000        0x0 c:/program files (x86)/atollic/truestudio for stm32 9.3.0/armtools/bin/../lib/gcc/arm-atollic-eabi/6.3.1/armv7-m/crti.o
 .bss           0x00000000        0x0 c:/program files (x86)/atollic/truestudio for stm32 9.3.0/armtools/bin/../lib/gcc/arm-atollic-eabi/6.3.1/armv7-m/crti.o
 .data          0x00000000        0x4 c:/program files (x86)/atollic/truestudio for stm32 9.3.0/armtools/bin/../lib/gcc/arm-atollic-eabi/6.3.1/armv7-m/crtbegin.o
 .group         0x00000000        0x8 Drivers\STM32F1xx_HAL_Driver\Src\stm32f1xx_hal.o
 .group         0x00000000        0x8 Drivers\STM32F1xx_HAL_Driver\Src\stm32f1xx_hal.o
 .group         0x00000000        0x8 Drivers\STM32F1xx_HAL_Driver\Src\stm32f1xx_hal.o
 .group         0x00000000        0x8 Drivers\STM32F1xx_HAL_Driver\Src\stm32f1xx_hal.o
 .group         0x00000000        0x8 Drivers\STM32F1xx_HAL_Driver\Src\stm32f1xx_hal.o
 .group         0x00000000        0x8 Drivers\STM32F1xx_HAL_Driver\Src\stm32f1xx_hal.o
 .group         0x00000000        0x8 Drivers\STM32F1xx_HAL_Driver\Src\stm32f1xx_hal.o
 .group         0x00000000        0x8 Drivers\STM32F1xx_HAL_Driver\Src\stm32f1xx_hal.o
 .group         0x00000000        0x8 Drivers\STM32F1xx_HAL_Driver\Src\stm32f1xx_hal.o
 .group         0x00000000        0x8 Drivers\STM32F1xx_HAL_Driver\Src\stm32f1xx_hal.o
 .group         0x00000000        0x8 Drivers\STM32F1xx_HAL_Driver\Src\stm32f1xx_hal.o
 .group         0x00000000        0x8 Drivers\STM32F1xx_HAL_Driver\Src\stm32f1xx_hal.o
 .group         0x00000000        0x8 Drivers\STM32F1xx_HAL_Driver\Src\stm32f1xx_hal.o
 .group         0x00000000        0x8 Drivers\STM32F1xx_HAL_Driver\Src\stm32f1xx_hal.o
 .group         0x00000000        0x8 Drivers\STM32F1xx_HAL_Driver\Src\stm32f1xx_hal.o
 .group         0x00000000        0x8 Drivers\STM32F1xx_HAL_Driver\Src\stm32f1xx_hal.o
 .group         0x00000000        0x8 Drivers\STM32F1xx_HAL_Driver\Src\stm32f1xx_hal.o
 .group         0x00000000        0x8 Drivers\STM32F1xx_HAL_Driver\Src\stm32f1xx_hal.o
 .group         0x00000000        0x8 Drivers\STM32F1xx_HAL_Driver\Src\stm32f1xx_hal.o
 .group         0x00000000        0x8 Drivers\STM32F1xx_HAL_Driver\Src\stm32f1xx_hal.o
[...]
Memory Configuration

Name             Origin             Length             Attributes
RAM              0x20000000         0x00010000         xrw
FLASH            0x08000000         0x00040000         xr
*default*        0x00000000         0xffffffff

Linker script and memory map

LOAD c:/program files (x86)/atollic/truestudio for stm32 9.3.0/armtools/bin/../lib/gcc/arm-atollic-eabi/6.3.1/armv7-m/crti.o
LOAD c:/program files (x86)/atollic/truestudio for stm32 9.3.0/armtools/bin/../lib/gcc/arm-atollic-eabi/6.3.1/armv7-m/crtbegin.o
LOAD Drivers\STM32F1xx_HAL_Driver\Src\stm32f1xx_hal.o
LOAD Drivers\STM32F1xx_HAL_Driver\Src\stm32f1xx_hal_cortex.o
LOAD Drivers\STM32F1xx_HAL_Driver\Src\stm32f1xx_hal_dma.o
LOAD Drivers\STM32F1xx_HAL_Driver\Src\stm32f1xx_hal_exti.o
LOAD Drivers\STM32F1xx_HAL_Driver\Src\stm32f1xx_hal_flash.o
LOAD Drivers\STM32F1xx_HAL_Driver\Src\stm32f1xx_hal_flash_ex.o
LOAD Drivers\STM32F1xx_HAL_Driver\Src\stm32f1xx_hal_gpio.o
LOAD Drivers\STM32F1xx_HAL_Driver\Src\stm32f1xx_hal_gpio_ex.o
LOAD Drivers\STM32F1xx_HAL_Driver\Src\stm32f1xx_hal_pcd.o
LOAD Drivers\STM32F1xx_HAL_Driver\Src\stm32f1xx_hal_pcd_ex.o
LOAD Drivers\STM32F1xx_HAL_Driver\Src\stm32f1xx_hal_pwr.o
LOAD Drivers\STM32F1xx_HAL_Driver\Src\stm32f1xx_hal_rcc.o
LOAD Drivers\STM32F1xx_HAL_Driver\Src\stm32f1xx_hal_rcc_ex.o
LOAD Drivers\STM32F1xx_HAL_Driver\Src\stm32f1xx_hal_tim.o
LOAD Drivers\STM32F1xx_HAL_Driver\Src\stm32f1xx_hal_tim_ex.o
LOAD Drivers\STM32F1xx_HAL_Driver\Src\stm32f1xx_ll_usb.o
LOAD Middlewares\ST\STM32_USB_Device_Library\Class\CDC\Src\usbd_cdc.o
LOAD Middlewares\ST\STM32_USB_Device_Library\Core\Src\usbd_core.o
LOAD Middlewares\ST\STM32_USB_Device_Library\Core\Src\usbd_ctlreq.o
LOAD Middlewares\ST\STM32_USB_Device_Library\Core\Src\usbd_ioreq.o
LOAD Src\gpio.o
LOAD Src\main.o
LOAD Src\stm32f1xx_hal_msp.o
LOAD Src\stm32f1xx_it.o
LOAD Src\syscalls.o
LOAD Src\system_stm32f1xx.o
LOAD Src\usb_device.o
LOAD Src\usbd_cdc_if.o
LOAD Src\usbd_conf.o
LOAD Src\usbd_desc.o
LOAD startup\startup_stm32f107xc.o
                0x00000080                malloc_getpagesize_P = 0x80
START GROUP
LOAD c:/program files (x86)/atollic/truestudio for stm32 9.3.0/armtools/bin/../lib/gcc/arm-atollic-eabi/6.3.1/../../../../arm-atollic-eabi/lib/armv7-m\libc_nano.a
LOAD c:/program files (x86)/atollic/truestudio for stm32 9.3.0/armtools/bin/../lib/gcc/arm-atollic-eabi/6.3.1/../../../../arm-atollic-eabi/lib/armv7-m\libm.a
END GROUP
START GROUP
LOAD c:/program files (x86)/atollic/truestudio for stm32 9.3.0/armtools/bin/../lib/gcc/arm-atollic-eabi/6.3.1/armv7-m\libgcc.a
LOAD c:/program files (x86)/atollic/truestudio for stm32 9.3.0/armtools/bin/../lib/gcc/arm-atollic-eabi/6.3.1/../../../../arm-atollic-eabi/lib/armv7-m\libc_nano.a
END GROUP
START GROUP
LOAD c:/program files (x86)/atollic/truestudio for stm32 9.3.0/armtools/bin/../lib/gcc/arm-atollic-eabi/6.3.1/armv7-m\libgcc.a
LOAD c:/program files (x86)/atollic/truestudio for stm32 9.3.0/armtools/bin/../lib/gcc/arm-atollic-eabi/6.3.1/../../../../arm-atollic-eabi/lib/armv7-m\libc_nano.a
LOAD c:/program files (x86)/atollic/truestudio for stm32 9.3.0/armtools/bin/../lib/gcc/arm-atollic-eabi/6.3.1/../../../../arm-atollic-eabi/lib/armv7-m\libnosys.a
END GROUP
START GROUP
LOAD c:/program files (x86)/atollic/truestudio for stm32 9.3.0/armtools/bin/../lib/gcc/arm-atollic-eabi/6.3.1/armv7-m\libgcc.a
LOAD c:/program files (x86)/atollic/truestudio for stm32 9.3.0/armtools/bin/../lib/gcc/arm-atollic-eabi/6.3.1/../../../../arm-atollic-eabi/lib/armv7-m\libc_nano.a
LOAD c:/program files (x86)/atollic/truestudio for stm32 9.3.0/armtools/bin/../lib/gcc/arm-atollic-eabi/6.3.1/../../../../arm-atollic-eabi/lib/armv7-m\libnosys.a
END GROUP
LOAD c:/program files (x86)/atollic/truestudio for stm32 9.3.0/armtools/bin/../lib/gcc/arm-atollic-eabi/6.3.1/armv7-m/crtend.o
LOAD c:/program files (x86)/atollic/truestudio for stm32 9.3.0/armtools/bin/../lib/gcc/arm-atollic-eabi/6.3.1/armv7-m/crtn.o
                0x20010000                _estack = 0x20010000
                0x00000200                _Min_Heap_Size = 0x200
                0x00000400                _Min_Stack_Size = 0x400

.isr_vector     0x08000000      0x1e4
                0x08000000                . = ALIGN (0x4)
 *(.isr_vector)
 .isr_vector    0x08000000      0x1e4 startup\startup_stm32f107xc.o
                0x08000000                g_pfnVectors
                0x080001e4                . = ALIGN (0x4)

.text           0x080001e4     0x39cc
                0x080001e4                . = ALIGN (0x4)
 *(.text)
 .text          0x080001e4       0x40 c:/program files (x86)/atollic/truestudio for stm32 9.3.0/armtools/bin/../lib/gcc/arm-atollic-eabi/6.3.1/armv7-m/crtbegin.o
 .text          0x08000224       0x30 c:/program files (x86)/atollic/truestudio for stm32 9.3.0/armtools/bin/../lib/gcc/arm-atollic-eabi/6.3.1/armv7-m\libgcc.a(_aeabi_uldivmod.o)
                0x08000224                __aeabi_uldivmod
 .text          0x08000254      0x2dc c:/program files (x86)/atollic/truestudio for stm32 9.3.0/armtools/bin/../lib/gcc/arm-atollic-eabi/6.3.1/armv7-m\libgcc.a(_udivmoddi4.o)
                0x08000254                __udivmoddi4
 .text          0x08000530        0x4 c:/program files (x86)/atollic/truestudio for stm32 9.3.0/armtools/bin/../lib/gcc/arm-atollic-eabi/6.3.1/armv7-m\libgcc.a(_dvmd_tls.o)
                0x08000530                __aeabi_idiv0
                0x08000530                __aeabi_ldiv0
 *(.text*)
 .text.HAL_Init
                0x08000534       0x2c Drivers\STM32F1xx_HAL_Driver\Src\stm32f1xx_hal.o
                0x08000534                HAL_Init
 .text.HAL_InitTick
                0x08000560       0x60 Drivers\STM32F1xx_HAL_Driver\Src\stm32f1xx_hal.o
                0x08000560                HAL_InitTick
 .text.HAL_IncTick
                0x080005c0       0x24 Drivers\STM32F1xx_HAL_Driver\Src\stm32f1xx_hal.o
                0x080005c0                HAL_IncTick
 .text.HAL_GetTick
                0x080005e4       0x14 Drivers\STM32F1xx_HAL_Driver\Src\stm32f1xx_hal.o
                0x080005e4                HAL_GetTick
 .text.HAL_Delay
                0x080005f8       0x44 Drivers\STM32F1xx_HAL_Driver\Src\stm32f1xx_hal.o
                0x080005f8                HAL_Delay
 .text.__NVIC_SetPriorityGrouping
                0x0800063c       0x48 Drivers\STM32F1xx_HAL_Driver\Src\stm32f1xx_hal_cortex.o
 .text.__NVIC_GetPriorityGrouping
                0x08000684       0x1c Drivers\STM32F1xx_HAL_Driver\Src\stm32f1xx_hal_cortex.o
 .text.__NVIC_SetPriority
                0x080006a0       0x54 Drivers\STM32F1xx_HAL_Driver\Src\stm32f1xx_hal_cortex.o
 .text.NVIC_EncodePriority
                0x080006f4       0x60 Drivers\STM32F1xx_HAL_Driver\Src\stm32f1xx_hal_cortex.o
 .text.SysTick_Config
                0x08000754       0x44 Drivers\STM32F1xx_HAL_Driver\Src\stm32f1xx_hal_cortex.o
 .text.HAL_NVIC_SetPriorityGrouping
                0x08000798       0x16 Drivers\STM32F1xx_HAL_Driver\Src\stm32f1xx_hal_cortex.o
                0x08000798                HAL_NVIC_SetPriorityGrouping
 .text.HAL_NVIC_SetPriority
                0x080007ae       0x38 Drivers\STM32F1xx_HAL_Driver\Src\stm32f1xx_hal_cortex.o
                0x080007ae                HAL_NVIC_SetPriority
 .text.HAL_SYSTICK_Config
                0x080007e6       0x18 Drivers\STM32F1xx_HAL_Driver\Src\stm32f1xx_hal_cortex.o
                0x080007e6                HAL_SYSTICK_Config
 .text.HAL_PCD_Init
                0x080007fe      0x23a Drivers\STM32F1xx_HAL_Driver\Src\stm32f1xx_hal_pcd.o
                0x080007fe                HAL_PCD_Init
 .text.HAL_PCD_Start
                0x08000a38       0x44 Drivers\STM32F1xx_HAL_Driver\Src\stm32f1xx_hal_pcd.o
                0x08000a38                HAL_PCD_Start
 .text.HAL_PCD_EP_Open
                0x08000a7c       0xd0 Drivers\STM32F1xx_HAL_Driver\Src\stm32f1xx_hal_pcd.o
                0x08000a7c                HAL_PCD_EP_Open
 .text.HAL_PCD_EP_Close
                0x08000b4c       0x94 Drivers\STM32F1xx_HAL_Driver\Src\stm32f1xx_hal_pcd.o
                0x08000b4c                HAL_PCD_EP_Close
 .text.HAL_PCD_EP_Receive
                0x08000be0       0x7c Drivers\STM32F1xx_HAL_Driver\Src\stm32f1xx_hal_pcd.o
                0x08000be0                HAL_PCD_EP_Receive
 .text.HAL_PCD_EP_GetRxCount
                0x08000c5c       0x2e Drivers\STM32F1xx_HAL_Driver\Src\stm32f1xx_hal_pcd.o
                0x08000c5c                HAL_PCD_EP_GetRxCount
 .text.HAL_PCD_EP_Transmit
                0x08000c8a       0x7a Drivers\STM32F1xx_HAL_Driver\Src\stm32f1xx_hal_pcd.o
                0x08000c8a                HAL_PCD_EP_Transmit
 .text.HAL_PCD_EP_SetStall
                0x08000d04       0xc4 Drivers\STM32F1xx_HAL_Driver\Src\stm32f1xx_hal_pcd.o
                0x08000d04                HAL_PCD_EP_SetStall
 .text.HAL_PCDEx_SetTxFiFo
                0x08000dc8       0x8c Drivers\STM32F1xx_HAL_Driver\Src\stm32f1xx_hal_pcd_ex.o
                0x08000dc8                HAL_PCDEx_SetTxFiFo
 .text.HAL_PCDEx_SetRxFiFo
                0x08000e54       0x20 Drivers\STM32F1xx_HAL_Driver\Src\stm32f1xx_hal_pcd_ex.o
                0x08000e54                HAL_PCDEx_SetRxFiFo
 .text.HAL_RCC_OscConfig
                0x08000e74      0x62c Drivers\STM32F1xx_HAL_Driver\Src\stm32f1xx_hal_rcc.o
                0x08000e74                HAL_RCC_OscConfig
 .text.HAL_RCC_ClockConfig
                0x080014a0      0x1d4 Drivers\STM32F1xx_HAL_Driver\Src\stm32f1xx_hal_rcc.o
                0x080014a0                HAL_RCC_ClockConfig
 .text.HAL_RCC_GetSysClockFreq
                0x08001674      0x1bc Drivers\STM32F1xx_HAL_Driver\Src\stm32f1xx_hal_rcc.o
                0x08001674                HAL_RCC_GetSysClockFreq
 .text.RCC_Delay
                0x08001830       0x3c Drivers\STM32F1xx_HAL_Driver\Src\stm32f1xx_hal_rcc.o
 .text.HAL_RCCEx_PeriphCLKConfig
                0x0800186c      0x264 Drivers\STM32F1xx_HAL_Driver\Src\stm32f1xx_hal_rcc_ex.o
                0x0800186c                HAL_RCCEx_PeriphCLKConfig
 .text.USB_CoreInit
                0x08001ad0       0x90 Drivers\STM32F1xx_HAL_Driver\Src\stm32f1xx_ll_usb.o
                0x08001ad0                USB_CoreInit
 .text.USB_EnableGlobalInt
                0x08001b60       0x20 Drivers\STM32F1xx_HAL_Driver\Src\stm32f1xx_ll_usb.o
                0x08001b60                USB_EnableGlobalInt
 .text.USB_DisableGlobalInt
                0x08001b80       0x20 Drivers\STM32F1xx_HAL_Driver\Src\stm32f1xx_ll_usb.o
                0x08001b80                USB_DisableGlobalInt
 .text.USB_SetCurrentMode
                0x08001ba0       0x54 Drivers\STM32F1xx_HAL_Driver\Src\stm32f1xx_ll_usb.o
                0x08001ba0                USB_SetCurrentMode
 .text.USB_DevInit
                0x08001bf4      0x258 Drivers\STM32F1xx_HAL_Driver\Src\stm32f1xx_ll_usb.o
                0x08001bf4                USB_DevInit
 .text.USB_FlushTxFifo
                0x08001e4c       0x48 Drivers\STM32F1xx_HAL_Driver\Src\stm32f1xx_ll_usb.o
                0x08001e4c                USB_FlushTxFifo
 .text.USB_FlushRxFifo
                0x08001e94       0x40 Drivers\STM32F1xx_HAL_Driver\Src\stm32f1xx_ll_usb.o
                0x08001e94                USB_FlushRxFifo
 .text.USB_SetDevSpeed
                0x08001ed4       0x32 Drivers\STM32F1xx_HAL_Driver\Src\stm32f1xx_ll_usb.o
                0x08001ed4                USB_SetDevSpeed
 .text.USB_ActivateEndpoint
                0x08001f06      0x114 Drivers\STM32F1xx_HAL_Driver\Src\stm32f1xx_ll_usb.o
                0x08001f06                USB_ActivateEndpoint
 *fill*         0x0800201a        0x2 
 .text.USB_DeactivateEndpoint
                0x0800201c      0x110 Drivers\STM32F1xx_HAL_Driver\Src\stm32f1xx_ll_usb.o
                0x0800201c                USB_DeactivateEndpoint
 .text.USB_EPStartXfer
                0x0800212c      0x3e4 Drivers\STM32F1xx_HAL_Driver\Src\stm32f1xx_ll_usb.o
                0x0800212c                USB_EPStartXfer
 .text.USB_EP0StartXfer
                0x08002510      0x256 Drivers\STM32F1xx_HAL_Driver\Src\stm32f1xx_ll_usb.o
                0x08002510                USB_EP0StartXfer
 .text.USB_WritePacket
                0x08002766       0x60 Drivers\STM32F1xx_HAL_Driver\Src\stm32f1xx_ll_usb.o
                0x08002766                USB_WritePacket
 .text.USB_EPSetStall
                0x080027c6       0xe2 Drivers\STM32F1xx_HAL_Driver\Src\stm32f1xx_ll_usb.o
                0x080027c6                USB_EPSetStall
 .text.USB_DevConnect
                0x080028a8       0x32 Drivers\STM32F1xx_HAL_Driver\Src\stm32f1xx_ll_usb.o
                0x080028a8                USB_DevConnect
 .text.USB_DevDisconnect
                0x080028da       0x32 Drivers\STM32F1xx_HAL_Driver\Src\stm32f1xx_ll_usb.o
                0x080028da                USB_DevDisconnect
 .text.USB_EP0_OutStart
                0x0800290c       0x94 Drivers\STM32F1xx_HAL_Driver\Src\stm32f1xx_ll_usb.o
                0x0800290c                USB_EP0_OutStart
 .text.USB_CoreReset
                0x080029a0       0x64 Drivers\STM32F1xx_HAL_Driver\Src\stm32f1xx_ll_usb.o
 .text.USBD_CDC_Init
                0x08002a04       0xf4 Middlewares\ST\STM32_USB_Device_Library\Class\CDC\Src\usbd_cdc.o
 .text.USBD_CDC_DeInit
                0x08002af8       0x6e Middlewares\ST\STM32_USB_Device_Library\Class\CDC\Src\usbd_cdc.o
 .text.USBD_CDC_Setup
                0x08002b66      0x140 Middlewares\ST\STM32_USB_Device_Library\Class\CDC\Src\usbd_cdc.o
 .text.USBD_CDC_DataIn
                0x08002ca6       0xa6 Middlewares\ST\STM32_USB_Device_Library\Class\CDC\Src\usbd_cdc.o
 .text.USBD_CDC_DataOut
                0x08002d4c       0x56 Middlewares\ST\STM32_USB_Device_Library\Class\CDC\Src\usbd_cdc.o
 .text.USBD_CDC_EP0_RxReady
                0x08002da2       0x50 Middlewares\ST\STM32_USB_Device_Library\Class\CDC\Src\usbd_cdc.o
 *fill*         0x08002df2        0x2 
 .text.USBD_CDC_GetFSCfgDesc
                0x08002df4       0x20 Middlewares\ST\STM32_USB_Device_Library\Class\CDC\Src\usbd_cdc.o
 .text.USBD_CDC_GetHSCfgDesc
                0x08002e14       0x20 Middlewares\ST\STM32_USB_Device_Library\Class\CDC\Src\usbd_cdc.o
 .text.USBD_CDC_GetOtherSpeedCfgDesc
                0x08002e34       0x20 Middlewares\ST\STM32_USB_Device_Library\Class\CDC\Src\usbd_cdc.o
 .text.USBD_CDC_GetDeviceQualifierDescriptor
                0x08002e54       0x20 Middlewares\ST\STM32_USB_Device_Library\Class\CDC\Src\usbd_cdc.o
                0x08002e54                USBD_CDC_GetDeviceQualifierDescriptor
 .text.USBD_CDC_RegisterInterface
                0x08002e74       0x2c Middlewares\ST\STM32_USB_Device_Library\Class\CDC\Src\usbd_cdc.o
                0x08002e74                USBD_CDC_RegisterInterface
 .text.USBD_CDC_SetTxBuffer
                0x08002ea0       0x32 Middlewares\ST\STM32_USB_Device_Library\Class\CDC\Src\usbd_cdc.o
                0x08002ea0                USBD_CDC_SetTxBuffer
 .text.USBD_CDC_SetRxBuffer
                0x08002ed2       0x26 Middlewares\ST\STM32_USB_Device_Library\Class\CDC\Src\usbd_cdc.o
                0x08002ed2                USBD_CDC_SetRxBuffer
 .text.USBD_CDC_TransmitPacket
                0x08002ef8       0x5e Middlewares\ST\STM32_USB_Device_Library\Class\CDC\Src\usbd_cdc.o
                0x08002ef8                USBD_CDC_TransmitPacket
 .text.USBD_CDC_ReceivePacket
                0x08002f56       0x54 Middlewares\ST\STM32_USB_Device_Library\Class\CDC\Src\usbd_cdc.o
                0x08002f56                USBD_CDC_ReceivePacket
 .text.USBD_Init
                0x08002faa       0x56 Middlewares\ST\STM32_USB_Device_Library\Core\Src\usbd_core.o
                0x08002faa                USBD_Init
 .text.USBD_RegisterClass
                0x08003000       0x32 Middlewares\ST\STM32_USB_Device_Library\Core\Src\usbd_core.o
                0x08003000                USBD_RegisterClass
 .text.USBD_Start
                0x08003032       0x18 Middlewares\ST\STM32_USB_Device_Library\Core\Src\usbd_core.o
                0x08003032                USBD_Start
 .text.USBD_CtlError
                0x0800304a       0x22 Middlewares\ST\STM32_USB_Device_Library\Core\Src\usbd_ctlreq.o
                0x0800304a                USBD_CtlError
 .text.USBD_GetString
                0x0800306c       0x84 Middlewares\ST\STM32_USB_Device_Library\Core\Src\usbd_ctlreq.o
                0x0800306c                USBD_GetString
 .text.USBD_GetLen
                0x080030f0       0x2e Middlewares\ST\STM32_USB_Device_Library\Core\Src\usbd_ctlreq.o
 .text.USBD_CtlSendData
                0x0800311e       0x38 Middlewares\ST\STM32_USB_Device_Library\Core\Src\usbd_ioreq.o
                0x0800311e                USBD_CtlSendData
 .text.USBD_CtlPrepareRx
                0x08003156       0x3c Middlewares\ST\STM32_USB_Device_Library\Core\Src\usbd_ioreq.o
                0x08003156                USBD_CtlPrepareRx
 *fill*         0x08003192        0x2 
 .text.MX_GPIO_Init
                0x08003194       0x44 Src\gpio.o
                0x08003194                MX_GPIO_Init
 .text.main     0x080031d8       0x16 Src\main.o
                0x080031d8                main
 *fill*         0x080031ee        0x2 
 .text.SystemClock_Config
                0x080031f0       0xc8 Src\main.o
                0x080031f0                SystemClock_Config
 .text.CDC_ReceiveCallback
                0x080032b8       0x1e Src\main.o
                0x080032b8                CDC_ReceiveCallback
 .text.Error_Handler
                0x080032d6        0xc Src\main.o
                0x080032d6                Error_Handler
 *fill*         0x080032e2        0x2 
 .text.HAL_MspInit
                0x080032e4       0x64 Src\stm32f1xx_hal_msp.o
                0x080032e4                HAL_MspInit
 .text.NMI_Handler
                0x08003348        0xc Src\stm32f1xx_it.o
                0x08003348                NMI_Handler
 .text.HardFault_Handler
                0x08003354        0x6 Src\stm32f1xx_it.o
                0x08003354                HardFault_Handler
 .text.MemManage_Handler
                0x0800335a        0x6 Src\stm32f1xx_it.o
                0x0800335a                MemManage_Handler
 .text.BusFault_Handler
                0x08003360        0x6 Src\stm32f1xx_it.o
                0x08003360                BusFault_Handler
 .text.UsageFault_Handler
                0x08003366        0x6 Src\stm32f1xx_it.o
                0x08003366                UsageFault_Handler
 .text.SVC_Handler
                0x0800336c        0xc Src\stm32f1xx_it.o
                0x0800336c                SVC_Handler
 .text.DebugMon_Handler
                0x08003378        0xc Src\stm32f1xx_it.o
                0x08003378                DebugMon_Handler
 .text.PendSV_Handler
                0x08003384        0xc Src\stm32f1xx_it.o
                0x08003384                PendSV_Handler
 .text.SysTick_Handler
                0x08003390        0xc Src\stm32f1xx_it.o
                0x08003390                SysTick_Handler
 .text.SystemInit
                0x0800339c       0x7c Src\system_stm32f1xx.o
                0x0800339c                SystemInit
 .text.MX_USB_DEVICE_Init
                0x08003418       0x60 Src\usb_device.o
                0x08003418                MX_USB_DEVICE_Init
 .text.CDC_Init_FS
                0x08003478       0x28 Src\usbd_cdc_if.o
 .text.CDC_DeInit_FS
                0x080034a0        0xe Src\usbd_cdc_if.o
 *fill*         0x080034ae        0x2 
 .text.CDC_Control_FS
                0x080034b0       0xbc Src\usbd_cdc_if.o
 .text.CDC_Receive_FS
                0x0800356c       0x34 Src\usbd_cdc_if.o
 .text.CDC_Transmit_FS
                0x080035a0       0x4c Src\usbd_cdc_if.o
                0x080035a0                CDC_Transmit_FS
 .text.HAL_PCD_MspInit
                0x080035ec       0x38 Src\usbd_conf.o
                0x080035ec                HAL_PCD_MspInit
 .text.USBD_LL_Init
                0x08003624       0x80 Src\usbd_conf.o
                0x08003624                USBD_LL_Init
 .text.USBD_LL_Start
                0x080036a4       0x36 Src\usbd_conf.o
                0x080036a4                USBD_LL_Start
 .text.USBD_LL_OpenEP
                0x080036da       0x4c Src\usbd_conf.o
                0x080036da                USBD_LL_OpenEP
 .text.USBD_LL_CloseEP
                0x08003726       0x3e Src\usbd_conf.o
                0x08003726                USBD_LL_CloseEP
 .text.USBD_LL_StallEP
                0x08003764       0x3e Src\usbd_conf.o
                0x08003764                USBD_LL_StallEP
 .text.USBD_LL_Transmit
                0x080037a2       0x46 Src\usbd_conf.o
                0x080037a2                USBD_LL_Transmit
 .text.USBD_LL_PrepareReceive
                0x080037e8       0x46 Src\usbd_conf.o
                0x080037e8                USBD_LL_PrepareReceive
 .text.USBD_LL_GetRxDataSize
                0x0800382e       0x26 Src\usbd_conf.o
                0x0800382e                USBD_LL_GetRxDataSize
 .text.USBD_static_malloc
                0x08003854       0x18 Src\usbd_conf.o
                0x08003854                USBD_static_malloc
 .text.USBD_static_free
                0x0800386c       0x12 Src\usbd_conf.o
                0x0800386c                USBD_static_free
 *fill*         0x0800387e        0x2 
 .text.USBD_Get_USB_Status
                0x08003880       0x58 Src\usbd_conf.o
 .text.USBD_FS_DeviceDescriptor
                0x080038d8       0x24 Src\usbd_desc.o
                0x080038d8                USBD_FS_DeviceDescriptor
 .text.USBD_FS_LangIDStrDescriptor
                0x080038fc       0x24 Src\usbd_desc.o
                0x080038fc                USBD_FS_LangIDStrDescriptor
 .text.USBD_FS_ProductStrDescriptor
                0x08003920       0x3c Src\usbd_desc.o
                0x08003920                USBD_FS_ProductStrDescriptor
 .text.USBD_FS_ManufacturerStrDescriptor
                0x0800395c       0x28 Src\usbd_desc.o
                0x0800395c                USBD_FS_ManufacturerStrDescriptor
 .text.USBD_FS_SerialStrDescriptor
                0x08003984       0x24 Src\usbd_desc.o
                0x08003984                USBD_FS_SerialStrDescriptor
 .text.USBD_FS_ConfigStrDescriptor
                0x080039a8       0x3c Src\usbd_desc.o
                0x080039a8                USBD_FS_ConfigStrDescriptor
 .text.USBD_FS_InterfaceStrDescriptor
                0x080039e4       0x3c Src\usbd_desc.o
                0x080039e4                USBD_FS_InterfaceStrDescriptor
 .text.Get_SerialNum
                0x08003a20       0x58 Src\usbd_desc.o
 .text.IntToUnicode
                0x08003a78       0x7a Src\usbd_desc.o
 *fill*         0x08003af2        0x2 
 .text.Reset_Handler
                0x08003af4       0x48 startup\startup_stm32f107xc.o
                0x08003af4                Reset_Handler
 .text.Default_Handler
                0x08003b3c        0x2 startup\startup_stm32f107xc.o
                0x08003b3c                RTC_Alarm_IRQHandler
                0x08003b3c                EXTI2_IRQHandler
                0x08003b3c                TIM1_CC_IRQHandler
                0x08003b3c                TIM6_IRQHandler
                0x08003b3c                PVD_IRQHandler
                0x08003b3c                CAN2_RX1_IRQHandler
                0x08003b3c                EXTI3_IRQHandler
                0x08003b3c                EXTI0_IRQHandler
                0x08003b3c                I2C2_EV_IRQHandler
                0x08003b3c                CAN1_RX0_IRQHandler
                0x08003b3c                CAN2_SCE_IRQHandler
                0x08003b3c                ADC1_2_IRQHandler
                0x08003b3c                SPI1_IRQHandler
                0x08003b3c                TAMPER_IRQHandler
                0x08003b3c                CAN2_RX0_IRQHandler
                0x08003b3c                DMA2_Channel2_IRQHandler
                0x08003b3c                DMA1_Channel4_IRQHandler
                0x08003b3c                USART3_IRQHandler
                0x08003b3c                RTC_IRQHandler
                0x08003b3c                DMA1_Channel7_IRQHandler
                0x08003b3c                CAN1_RX1_IRQHandler
                0x08003b3c                UART5_IRQHandler
                0x08003b3c                TIM4_IRQHandler
                0x08003b3c                DMA2_Channel1_IRQHandler
                0x08003b3c                I2C1_EV_IRQHandler
                0x08003b3c                DMA1_Channel6_IRQHandler
                0x08003b3c                UART4_IRQHandler
                0x08003b3c                DMA2_Channel4_IRQHandler
                0x08003b3c                TIM3_IRQHandler
                0x08003b3c                RCC_IRQHandler
                0x08003b3c                TIM1_TRG_COM_IRQHandler
                0x08003b3c                DMA1_Channel1_IRQHandler
                0x08003b3c                Default_Handler
                0x08003b3c                EXTI15_10_IRQHandler
                0x08003b3c                TIM7_IRQHandler
                0x08003b3c                CAN2_TX_IRQHandler
                0x08003b3c                TIM5_IRQHandler
                0x08003b3c                EXTI9_5_IRQHandler
                0x08003b3c                ETH_WKUP_IRQHandler
                0x08003b3c                SPI2_IRQHandler
                0x08003b3c                CAN1_TX_IRQHandler
                0x08003b3c                DMA2_Channel5_IRQHandler
                0x08003b3c                DMA1_Channel5_IRQHandler
                0x08003b3c                EXTI4_IRQHandler
                0x08003b3c                DMA1_Channel3_IRQHandler
                0x08003b3c                ETH_IRQHandler
                0x08003b3c                TIM1_UP_IRQHandler
                0x08003b3c                WWDG_IRQHandler
                0x08003b3c                TIM2_IRQHandler
                0x08003b3c                OTG_FS_WKUP_IRQHandler
                0x08003b3c                TIM1_BRK_IRQHandler
                0x08003b3c                EXTI1_IRQHandler
                0x08003b3c                USART2_IRQHandler
                0x08003b3c                I2C2_ER_IRQHandler
                0x08003b3c                DMA1_Channel2_IRQHandler
                0x08003b3c                CAN1_SCE_IRQHandler
                0x08003b3c                FLASH_IRQHandler
                0x08003b3c                USART1_IRQHandler
                0x08003b3c                OTG_FS_IRQHandler
                0x08003b3c                SPI3_IRQHandler
                0x08003b3c                I2C1_ER_IRQHandler
                0x08003b3c                DMA2_Channel3_IRQHandler
 *fill*         0x08003b3e        0x2 
 .text.__libc_init_array
                0x08003b40       0x48 c:/program files (x86)/atollic/truestudio for stm32 9.3.0/armtools/bin/../lib/gcc/arm-atollic-eabi/6.3.1/../../../../arm-atollic-eabi/lib/armv7-m\libc_nano.a(lib_a-init.o)
                0x08003b40                __libc_init_array
 .text.memset   0x08003b88       0x10 c:/program files (x86)/atollic/truestudio for stm32 9.3.0/armtools/bin/../lib/gcc/arm-atollic-eabi/6.3.1/../../../../arm-atollic-eabi/lib/armv7-m\libc_nano.a(lib_a-memset.o)
                0x08003b88                memset
 *(.glue_7)
 .glue_7        0x08003b98        0x0 linker stubs
 *(.glue_7t)
 .glue_7t       0x08003b98        0x0 linker stubs
 *(.eh_frame)
 .eh_frame      0x08003b98        0x0 c:/program files (x86)/atollic/truestudio for stm32 9.3.0/armtools/bin/../lib/gcc/arm-atollic-eabi/6.3.1/armv7-m/crtbegin.o
 *(.init)
 .init          0x08003b98        0x4 c:/program files (x86)/atollic/truestudio for stm32 9.3.0/armtools/bin/../lib/gcc/arm-atollic-eabi/6.3.1/armv7-m/crti.o
                0x08003b98                _init
 .init          0x08003b9c        0x8 c:/program files (x86)/atollic/truestudio for stm32 9.3.0/armtools/bin/../lib/gcc/arm-atollic-eabi/6.3.1/armv7-m/crtn.o
 *(.fini)
 .fini          0x08003ba4        0x4 c:/program files (x86)/atollic/truestudio for stm32 9.3.0/armtools/bin/../lib/gcc/arm-atollic-eabi/6.3.1/armv7-m/crti.o
                0x08003ba4                _fini
 .fini          0x08003ba8        0x8 c:/program files (x86)/atollic/truestudio for stm32 9.3.0/armtools/bin/../lib/gcc/arm-atollic-eabi/6.3.1/armv7-m/crtn.o
                0x08003bb0                . = ALIGN (0x4)
                0x08003bb0                _etext = .

.vfp11_veneer   0x08003bb0        0x0
 .vfp11_veneer  0x08003bb0        0x0 linker stubs

.v4_bx          0x08003bb0        0x0
 .v4_bx         0x08003bb0        0x0 linker stubs

.iplt           0x08003bb0        0x0
 .iplt          0x08003bb0        0x0 c:/program files (x86)/atollic/truestudio for stm32 9.3.0/armtools/bin/../lib/gcc/arm-atollic-eabi/6.3.1/armv7-m/crtbegin.o

.rodata         0x08003bb0       0x78
                0x08003bb0                . = ALIGN (0x4)
 *(.rodata)
 .rodata        0x08003bb0       0x20 Drivers\STM32F1xx_HAL_Driver\Src\stm32f1xx_hal_rcc.o
 .rodata        0x08003bd0       0x46 Src\usbd_desc.o
 *(.rodata*)
 *fill*         0x08003c16        0x2 
 .rodata.AHBPrescTable
                0x08003c18       0x10 Src\system_stm32f1xx.o
                0x08003c18                AHBPrescTable
                0x08003c28                . = ALIGN (0x4)

.ARM.extab
 *(.ARM.extab* .gnu.linkonce.armextab.*)

.ARM            0x08003c28        0x8
                0x08003c28                __exidx_start = .
 *(.ARM.exidx*)
 .ARM.exidx     0x08003c28        0x8 c:/program files (x86)/atollic/truestudio for stm32 9.3.0/armtools/bin/../lib/gcc/arm-atollic-eabi/6.3.1/armv7-m\libgcc.a(_udivmoddi4.o)
                0x08003c30                __exidx_end = .

.rel.dyn        0x08003c30        0x0
 .rel.iplt      0x08003c30        0x0 c:/program files (x86)/atollic/truestudio for stm32 9.3.0/armtools/bin/../lib/gcc/arm-atollic-eabi/6.3.1/armv7-m/crtbegin.o

.preinit_array  0x08003c30        0x0
                0x08003c30                PROVIDE (__preinit_array_start, .)
 *(.preinit_array*)
                0x08003c30                PROVIDE (__preinit_array_end, .)

.init_array     0x08003c30        0x4
                0x08003c30                PROVIDE (__init_array_start, .)
 *(SORT(.init_array.*))
 *(.init_array*)
 .init_array    0x08003c30        0x4 c:/program files (x86)/atollic/truestudio for stm32 9.3.0/armtools/bin/../lib/gcc/arm-atollic-eabi/6.3.1/armv7-m/crtbegin.o
                0x08003c34                PROVIDE (__init_array_end, .)

.fini_array     0x08003c34        0x4
                [!provide]                PROVIDE (__fini_array_start, .)
 *(SORT(.fini_array.*))
 *(.fini_array*)
 .fini_array    0x08003c34        0x4 c:/program files (x86)/atollic/truestudio for stm32 9.3.0/armtools/bin/../lib/gcc/arm-atollic-eabi/6.3.1/armv7-m/crtbegin.o
                [!provide]                PROVIDE (__fini_array_end, .)
                0x08003c38                _sidata = LOADADDR (.data)

.data           0x20000000      0x17c load address 0x08003c38
                0x20000000                . = ALIGN (0x4)
                0x20000000                _sdata = .
 *(.data)
 *(.data*)
 .data.uwTickPrio
                0x20000000        0x4 Drivers\STM32F1xx_HAL_Driver\Src\stm32f1xx_hal.o
                0x20000000                uwTickPrio
 .data.uwTickFreq
                0x20000004        0x1 Drivers\STM32F1xx_HAL_Driver\Src\stm32f1xx_hal.o
                0x20000004                uwTickFreq
 *fill*         0x20000005        0x3 
 .data.USBD_CDC_DeviceQualifierDesc
                0x20000008        0xa Middlewares\ST\STM32_USB_Device_Library\Class\CDC\Src\usbd_cdc.o
 *fill*         0x20000012        0x2 
 .data.USBD_CDC
                0x20000014       0x38 Middlewares\ST\STM32_USB_Device_Library\Class\CDC\Src\usbd_cdc.o
                0x20000014                USBD_CDC
 .data.USBD_CDC_CfgHSDesc
                0x2000004c       0x43 Middlewares\ST\STM32_USB_Device_Library\Class\CDC\Src\usbd_cdc.o
                0x2000004c                USBD_CDC_CfgHSDesc
 *fill*         0x2000008f        0x1 
 .data.USBD_CDC_CfgFSDesc
                0x20000090       0x43 Middlewares\ST\STM32_USB_Device_Library\Class\CDC\Src\usbd_cdc.o
                0x20000090                USBD_CDC_CfgFSDesc
 *fill*         0x200000d3        0x1 
 .data.USBD_CDC_OtherSpeedCfgDesc
                0x200000d4       0x43 Middlewares\ST\STM32_USB_Device_Library\Class\CDC\Src\usbd_cdc.o
                0x200000d4                USBD_CDC_OtherSpeedCfgDesc
 *fill*         0x20000117        0x1 
 .data.SystemCoreClock
                0x20000118        0x4 Src\system_stm32f1xx.o
                0x20000118                SystemCoreClock
 .data.USBD_Interface_fops_FS
                0x2000011c       0x10 Src\usbd_cdc_if.o
                0x2000011c                USBD_Interface_fops_FS
 .data.FS_Desc  0x2000012c       0x1c Src\usbd_desc.o
                0x2000012c                FS_Desc
 .data.USBD_FS_DeviceDesc
                0x20000148       0x12 Src\usbd_desc.o
                0x20000148                USBD_FS_DeviceDesc
 *fill*         0x2000015a        0x2 
 .data.USBD_LangIDDesc
                0x2000015c        0x4 Src\usbd_desc.o
                0x2000015c                USBD_LangIDDesc
 .data.USBD_StringSerial
                0x20000160       0x1a Src\usbd_desc.o
                0x20000160                USBD_StringSerial
                0x2000017c                . = ALIGN (0x4)
 *fill*         0x2000017a        0x2 
                0x2000017c                _edata = .

.igot.plt       0x2000017c        0x0 load address 0x08003db4
 .igot.plt      0x2000017c        0x0 c:/program files (x86)/atollic/truestudio for stm32 9.3.0/armtools/bin/../lib/gcc/arm-atollic-eabi/6.3.1/armv7-m/crtbegin.o
                0x2000017c                . = ALIGN (0x4)

.bss            0x2000017c     0x12d4 load address 0x08003db4
                0x2000017c                _sbss = .
                0x2000017c                __bss_start__ = _sbss
 *(.bss)
 .bss           0x2000017c       0x1c c:/program files (x86)/atollic/truestudio for stm32 9.3.0/armtools/bin/../lib/gcc/arm-atollic-eabi/6.3.1/armv7-m/crtbegin.o
 *(.bss*)
 .bss.mem.7936  0x20000198      0x220 Src\usbd_conf.o
 *(COMMON)
 COMMON         0x200003b8        0x4 Drivers\STM32F1xx_HAL_Driver\Src\stm32f1xx_hal.o
                0x200003b8                uwTick
 COMMON         0x200003bc      0x2c4 Src\usb_device.o
                0x200003bc                hUsbDeviceFS
 COMMON         0x20000680      0x7d0 Src\usbd_cdc_if.o
                0x20000680                UserRxBufferFS
                0x20000a68                UserTxBufferFS
 COMMON         0x20000e50      0x400 Src\usbd_conf.o
                0x20000e50                hpcd_USB_OTG_FS
 COMMON         0x20001250      0x200 Src\usbd_desc.o
                0x20001250                USBD_StrDesc
                0x20001450                . = ALIGN (0x4)
                0x20001450                _ebss = .
                0x20001450                __bss_end__ = _ebss

._user_heap_stack
                0x20001450      0x600 load address 0x08003db4
                0x20001450                . = ALIGN (0x4)
                0x20001450                PROVIDE (end, .)
                [!provide]                PROVIDE (_end, .)
                0x20001650                . = (. + _Min_Heap_Size)
 *fill*         0x20001450      0x200 
                0x20001a50                . = (. + _Min_Stack_Size)
 *fill*         0x20001650      0x400 
                0x20001a50                . = ALIGN (0x4)

/DISCARD/
 libc.a(*)
 libm.a(*)
 libgcc.a(*)

.ARM.attributes
                0x00000000       0x29
 *(.ARM.attributes)
 .ARM.attributes
                0x00000000       0x1d c:/program files (x86)/atollic/truestudio for stm32 9.3.0/armtools/bin/../lib/gcc/arm-atollic-eabi/6.3.1/armv7-m/crti.o
 .ARM.attributes
                0x0000001d       0x2d c:/program files (x86)/atollic/truestudio for stm32 9.3.0/armtools/bin/../lib/gcc/arm-atollic-eabi/6.3.1/armv7-m/crtbegin.o
 .ARM.attributes
                0x0000004a       0x33 Drivers\STM32F1xx_HAL_Driver\Src\stm32f1xx_hal.o
 .ARM.attributes
                0x0000007d       0x33 Drivers\STM32F1xx_HAL_Driver\Src\stm32f1xx_hal_cortex.o
 .ARM.attributes
                0x000000b0       0x33 Drivers\STM32F1xx_HAL_Driver\Src\stm32f1xx_hal_pcd.o
 .ARM.attributes
                0x000000e3       0x33 Drivers\STM32F1xx_HAL_Driver\Src\stm32f1xx_hal_pcd_ex.o
 .ARM.attributes
                0x00000116       0x33 Drivers\STM32F1xx_HAL_Driver\Src\stm32f1xx_hal_rcc.o
 .ARM.attributes
                0x00000149       0x33 Drivers\STM32F1xx_HAL_Driver\Src\stm32f1xx_hal_rcc_ex.o
 .ARM.attributes
                0x0000017c       0x33 Drivers\STM32F1xx_HAL_Driver\Src\stm32f1xx_ll_usb.o
 .ARM.attributes
                0x000001af       0x33 Middlewares\ST\STM32_USB_Device_Library\Class\CDC\Src\usbd_cdc.o
 .ARM.attributes
                0x000001e2       0x33 Middlewares\ST\STM32_USB_Device_Library\Core\Src\usbd_core.o
 .ARM.attributes
                0x00000215       0x33 Middlewares\ST\STM32_USB_Device_Library\Core\Src\usbd_ctlreq.o
 .ARM.attributes
                0x00000248       0x33 Middlewares\ST\STM32_USB_Device_Library\Core\Src\usbd_ioreq.o
 .ARM.attributes
                0x0000027b       0x33 Src\gpio.o
 .ARM.attributes
                0x000002ae       0x33 Src\main.o
 .ARM.attributes
                0x000002e1       0x33 Src\stm32f1xx_hal_msp.o
 .ARM.attributes
                0x00000314       0x33 Src\stm32f1xx_it.o
 .ARM.attributes
                0x00000347       0x33 Src\system_stm32f1xx.o
 .ARM.attributes
                0x0000037a       0x33 Src\usb_device.o
 .ARM.attributes
                0x000003ad       0x33 Src\usbd_cdc_if.o
 .ARM.attributes
                0x000003e0       0x33 Src\usbd_conf.o
 .ARM.attributes
                0x00000413       0x33 Src\usbd_desc.o
 .ARM.attributes
                0x00000446       0x21 startup\startup_stm32f107xc.o
 .ARM.attributes
                0x00000467       0x2d c:/program files (x86)/atollic/truestudio for stm32 9.3.0/armtools/bin/../lib/gcc/arm-atollic-eabi/6.3.1/../../../../arm-atollic-eabi/lib/armv7-m\libc_nano.a(lib_a-init.o)
 .ARM.attributes
                0x00000494       0x2d c:/program files (x86)/atollic/truestudio for stm32 9.3.0/armtools/bin/../lib/gcc/arm-atollic-eabi/6.3.1/../../../../arm-atollic-eabi/lib/armv7-m\libc_nano.a(lib_a-memset.o)
 .ARM.attributes
                0x000004c1       0x1d c:/program files (x86)/atollic/truestudio for stm32 9.3.0/armtools/bin/../lib/gcc/arm-atollic-eabi/6.3.1/armv7-m\libgcc.a(_aeabi_uldivmod.o)
 .ARM.attributes
                0x000004de       0x2d c:/program files (x86)/atollic/truestudio for stm32 9.3.0/armtools/bin/../lib/gcc/arm-atollic-eabi/6.3.1/armv7-m\libgcc.a(_udivmoddi4.o)
 .ARM.attributes
                0x0000050b       0x1d c:/program files (x86)/atollic/truestudio for stm32 9.3.0/armtools/bin/../lib/gcc/arm-atollic-eabi/6.3.1/armv7-m\libgcc.a(_dvmd_tls.o)
 .ARM.attributes
                0x00000528       0x1d c:/program files (x86)/atollic/truestudio for stm32 9.3.0/armtools/bin/../lib/gcc/arm-atollic-eabi/6.3.1/armv7-m/crtn.o
OUTPUT(usb.elf elf32-littlearm)

.debug_info     0x00000000    0x100a8
 .debug_info    0x00000000      0x788 Drivers\STM32F1xx_HAL_Driver\Src\stm32f1xx_hal.o
 .debug_info    0x00000788      0xbb7 Drivers\STM32F1xx_HAL_Driver\Src\stm32f1xx_hal_cortex.o
 .debug_info    0x0000133f     0x10b8 Drivers\STM32F1xx_HAL_Driver\Src\stm32f1xx_hal_pcd.o
 .debug_info    0x000023f7      0x728 Drivers\STM32F1xx_HAL_Driver\Src\stm32f1xx_hal_pcd_ex.o
 .debug_info    0x00002b1f      0x8a9 Drivers\STM32F1xx_HAL_Driver\Src\stm32f1xx_hal_rcc.o
 .debug_info    0x000033c8      0x5f4 Drivers\STM32F1xx_HAL_Driver\Src\stm32f1xx_hal_rcc_ex.o
 .debug_info    0x000039bc     0x1887 Drivers\STM32F1xx_HAL_Driver\Src\stm32f1xx_ll_usb.o
 .debug_info    0x00005243     0x175d Middlewares\ST\STM32_USB_Device_Library\Class\CDC\Src\usbd_cdc.o
 .debug_info    0x000069a0     0x11c6 Middlewares\ST\STM32_USB_Device_Library\Core\Src\usbd_core.o
 .debug_info    0x00007b66     0x1136 Middlewares\ST\STM32_USB_Device_Library\Core\Src\usbd_ctlreq.o
 .debug_info    0x00008c9c      0xf27 Middlewares\ST\STM32_USB_Device_Library\Core\Src\usbd_ioreq.o
 .debug_info    0x00009bc3      0x263 Src\gpio.o
 .debug_info    0x00009e26     0x10df Src\main.o
 .debug_info    0x0000af05      0x2eb Src\stm32f1xx_hal_msp.o
 .debug_info    0x0000b1f0      0x200 Src\stm32f1xx_it.o
 .debug_info    0x0000b3f0      0x471 Src\system_stm32f1xx.o
 .debug_info    0x0000b861      0xe6f Src\usb_device.o
 .debug_info    0x0000c6d0     0x1064 Src\usbd_cdc_if.o
 .debug_info    0x0000d734     0x1bff Src\usbd_conf.o
 .debug_info    0x0000f333      0xd08 Src\usbd_desc.o
 .debug_info    0x0001003b       0x6d startup\startup_stm32f107xc.o

.debug_abbrev   0x00000000     0x286e
 .debug_abbrev  0x00000000      0x1d6 Drivers\STM32F1xx_HAL_Driver\Src\stm32f1xx_hal.o
 .debug_abbrev  0x000001d6      0x2d3 Drivers\STM32F1xx_HAL_Driver\Src\stm32f1xx_hal_cortex.o
 .debug_abbrev  0x000004a9      0x264 Drivers\STM32F1xx_HAL_Driver\Src\stm32f1xx_hal_pcd.o
 .debug_abbrev  0x0000070d      0x1be Drivers\STM32F1xx_HAL_Driver\Src\stm32f1xx_hal_pcd_ex.o
 .debug_abbrev  0x000008cb      0x225 Drivers\STM32F1xx_HAL_Driver\Src\stm32f1xx_hal_rcc.o
 .debug_abbrev  0x00000af0      0x18f Drivers\STM32F1xx_HAL_Driver\Src\stm32f1xx_hal_rcc_ex.o
 .debug_abbrev  0x00000c7f      0x268 Drivers\STM32F1xx_HAL_Driver\Src\stm32f1xx_ll_usb.o
 .debug_abbrev  0x00000ee7      0x2ab Middlewares\ST\STM32_USB_Device_Library\Class\CDC\Src\usbd_cdc.o
 .debug_abbrev  0x00001192      0x26e Middlewares\ST\STM32_USB_Device_Library\Core\Src\usbd_core.o
 .debug_abbrev  0x00001400      0x29e Middlewares\ST\STM32_USB_Device_Library\Core\Src\usbd_ctlreq.o
 .debug_abbrev  0x0000169e      0x1de Middlewares\ST\STM32_USB_Device_Library\Core\Src\usbd_ioreq.o
 .debug_abbrev  0x0000187c      0x107 Src\gpio.o
 .debug_abbrev  0x00001983      0x20a Src\main.o
 .debug_abbrev  0x00001b8d      0x107 Src\stm32f1xx_hal_msp.o
 .debug_abbrev  0x00001c94       0xc4 Src\stm32f1xx_it.o
 .debug_abbrev  0x00001d58      0x129 Src\system_stm32f1xx.o
 .debug_abbrev  0x00001e81      0x1bc Src\usb_device.o
 .debug_abbrev  0x0000203d      0x29d Src\usbd_cdc_if.o
 .debug_abbrev  0x000022da      0x2f7 Src\usbd_conf.o
 .debug_abbrev  0x000025d1      0x28b Src\usbd_desc.o
 .debug_abbrev  0x0000285c       0x12 startup\startup_stm32f107xc.o

.debug_aranges  0x00000000      0xae0
 .debug_aranges
                0x00000000       0xe0 Drivers\STM32F1xx_HAL_Driver\Src\stm32f1xx_hal.o
 .debug_aranges
                0x000000e0      0x100 Drivers\STM32F1xx_HAL_Driver\Src\stm32f1xx_hal_cortex.o
 .debug_aranges
                0x000001e0      0x130 Drivers\STM32F1xx_HAL_Driver\Src\stm32f1xx_hal_pcd.o
 .debug_aranges
                0x00000310       0x38 Drivers\STM32F1xx_HAL_Driver\Src\stm32f1xx_hal_pcd_ex.o
 .debug_aranges
                0x00000348       0x90 Drivers\STM32F1xx_HAL_Driver\Src\stm32f1xx_hal_rcc.o
 .debug_aranges
                0x000003d8       0x50 Drivers\STM32F1xx_HAL_Driver\Src\stm32f1xx_hal_rcc_ex.o
 .debug_aranges
                0x00000428      0x198 Drivers\STM32F1xx_HAL_Driver\Src\stm32f1xx_ll_usb.o
 .debug_aranges
                0x000005c0       0x90 Middlewares\ST\STM32_USB_Device_Library\Class\CDC\Src\usbd_cdc.o
 .debug_aranges
                0x00000650       0xb8 Middlewares\ST\STM32_USB_Device_Library\Core\Src\usbd_core.o
 .debug_aranges
                0x00000708       0x88 Middlewares\ST\STM32_USB_Device_Library\Core\Src\usbd_ctlreq.o
 .debug_aranges
                0x00000790       0x50 Middlewares\ST\STM32_USB_Device_Library\Core\Src\usbd_ioreq.o
 .debug_aranges
                0x000007e0       0x20 Src\gpio.o
 .debug_aranges
                0x00000800       0x38 Src\main.o
 .debug_aranges
                0x00000838       0x20 Src\stm32f1xx_hal_msp.o
 .debug_aranges
                0x00000858       0x60 Src\stm32f1xx_it.o
 .debug_aranges
                0x000008b8       0x28 Src\system_stm32f1xx.o
 .debug_aranges
                0x000008e0       0x20 Src\usb_device.o
 .debug_aranges
                0x00000900       0x48 Src\usbd_cdc_if.o
 .debug_aranges
                0x00000948      0x110 Src\usbd_conf.o
 .debug_aranges
                0x00000a58       0x60 Src\usbd_desc.o
 .debug_aranges
                0x00000ab8       0x28 startup\startup_stm32f107xc.o

.debug_ranges   0x00000000      0x998
 .debug_ranges  0x00000000       0xd0 Drivers\STM32F1xx_HAL_Driver\Src\stm32f1xx_hal.o
 .debug_ranges  0x000000d0       0xf0 Drivers\STM32F1xx_HAL_Driver\Src\stm32f1xx_hal_cortex.o
 .debug_ranges  0x000001c0      0x120 Drivers\STM32F1xx_HAL_Driver\Src\stm32f1xx_hal_pcd.o
 .debug_ranges  0x000002e0       0x28 Drivers\STM32F1xx_HAL_Driver\Src\stm32f1xx_hal_pcd_ex.o
 .debug_ranges  0x00000308       0x80 Drivers\STM32F1xx_HAL_Driver\Src\stm32f1xx_hal_rcc.o
 .debug_ranges  0x00000388       0x40 Drivers\STM32F1xx_HAL_Driver\Src\stm32f1xx_hal_rcc_ex.o
 .debug_ranges  0x000003c8      0x188 Drivers\STM32F1xx_HAL_Driver\Src\stm32f1xx_ll_usb.o
 .debug_ranges  0x00000550       0x80 Middlewares\ST\STM32_USB_Device_Library\Class\CDC\Src\usbd_cdc.o
 .debug_ranges  0x000005d0       0xa8 Middlewares\ST\STM32_USB_Device_Library\Core\Src\usbd_core.o
 .debug_ranges  0x00000678       0x78 Middlewares\ST\STM32_USB_Device_Library\Core\Src\usbd_ctlreq.o
 .debug_ranges  0x000006f0       0x40 Middlewares\ST\STM32_USB_Device_Library\Core\Src\usbd_ioreq.o
 .debug_ranges  0x00000730       0x10 Src\gpio.o
 .debug_ranges  0x00000740       0x28 Src\main.o
 .debug_ranges  0x00000768       0x10 Src\stm32f1xx_hal_msp.o
 .debug_ranges  0x00000778       0x50 Src\stm32f1xx_it.o
 .debug_ranges  0x000007c8       0x18 Src\system_stm32f1xx.o
 .debug_ranges  0x000007e0       0x10 Src\usb_device.o
 .debug_ranges  0x000007f0       0x38 Src\usbd_cdc_if.o
 .debug_ranges  0x00000828      0x100 Src\usbd_conf.o
 .debug_ranges  0x00000928       0x50 Src\usbd_desc.o
 .debug_ranges  0x00000978       0x20 startup\startup_stm32f107xc.o

.debug_macro    0x00000000    0x1e1ee
 .debug_macro   0x00000000      0x1c3 Drivers\STM32F1xx_HAL_Driver\Src\stm32f1xx_hal.o
 .debug_macro   0x000001c3      0x8b6 Drivers\STM32F1xx_HAL_Driver\Src\stm32f1xx_hal.o
 .debug_macro   0x00000a79      0x215 Drivers\STM32F1xx_HAL_Driver\Src\stm32f1xx_hal.o
 .debug_macro   0x00000c8e       0x2e Drivers\STM32F1xx_HAL_Driver\Src\stm32f1xx_hal.o
 .debug_macro   0x00000cbc       0x22 Drivers\STM32F1xx_HAL_Driver\Src\stm32f1xx_hal.o
 .debug_macro   0x00000cde       0x22 Drivers\STM32F1xx_HAL_Driver\Src\stm32f1xx_hal.o
 .debug_macro   0x00000d00       0x87 Drivers\STM32F1xx_HAL_Driver\Src\stm32f1xx_hal.o
 .debug_macro   0x00000d87       0x51 Drivers\STM32F1xx_HAL_Driver\Src\stm32f1xx_hal.o
 .debug_macro   0x00000dd8       0xef Drivers\STM32F1xx_HAL_Driver\Src\stm32f1xx_hal.o
 .debug_macro   0x00000ec7       0x6a Drivers\STM32F1xx_HAL_Driver\Src\stm32f1xx_hal.o
 .debug_macro   0x00000f31      0x1df Drivers\STM32F1xx_HAL_Driver\Src\stm32f1xx_hal.o
 .debug_macro   0x00001110       0x1c Drivers\STM32F1xx_HAL_Driver\Src\stm32f1xx_hal.o
 .debug_macro   0x0000112c       0x22 Drivers\STM32F1xx_HAL_Driver\Src\stm32f1xx_hal.o
 .debug_macro   0x0000114e       0xc3 Drivers\STM32F1xx_HAL_Driver\Src\stm32f1xx_hal.o
 .debug_macro   0x00001211      0xd23 Drivers\STM32F1xx_HAL_Driver\Src\stm32f1xx_hal.o
 .debug_macro   0x00001f34    0x15c59 Drivers\STM32F1xx_HAL_Driver\Src\stm32f1xx_hal.o
 .debug_macro   0x00017b8d       0x43 Drivers\STM32F1xx_HAL_Driver\Src\stm32f1xx_hal.o
 .debug_macro   0x00017bd0      0x174 Drivers\STM32F1xx_HAL_Driver\Src\stm32f1xx_hal.o
 .debug_macro   0x00017d44       0x4e Drivers\STM32F1xx_HAL_Driver\Src\stm32f1xx_hal.o
 .debug_macro   0x00017d92      0x5be Drivers\STM32F1xx_HAL_Driver\Src\stm32f1xx_hal.o
 .debug_macro   0x00018350      0x6b4 Drivers\STM32F1xx_HAL_Driver\Src\stm32f1xx_hal.o
 .debug_macro   0x00018a04      0x1cb Drivers\STM32F1xx_HAL_Driver\Src\stm32f1xx_hal.o
 .debug_macro   0x00018bcf      0x114 Drivers\STM32F1xx_HAL_Driver\Src\stm32f1xx_hal.o
 .debug_macro   0x00018ce3      0x214 Drivers\STM32F1xx_HAL_Driver\Src\stm32f1xx_hal.o
 .debug_macro   0x00018ef7       0x27 Drivers\STM32F1xx_HAL_Driver\Src\stm32f1xx_hal.o
 .debug_macro   0x00018f1e      0x13c Drivers\STM32F1xx_HAL_Driver\Src\stm32f1xx_hal.o
 .debug_macro   0x0001905a      0x1bc Drivers\STM32F1xx_HAL_Driver\Src\stm32f1xx_hal.o
 .debug_macro   0x00019216       0x30 Drivers\STM32F1xx_HAL_Driver\Src\stm32f1xx_hal.o
 .debug_macro   0x00019246       0x3c Drivers\STM32F1xx_HAL_Driver\Src\stm32f1xx_hal.o
 .debug_macro   0x00019282       0x57 Drivers\STM32F1xx_HAL_Driver\Src\stm32f1xx_hal.o
 .debug_macro   0x000192d9       0x88 Drivers\STM32F1xx_HAL_Driver\Src\stm32f1xx_hal.o
 .debug_macro   0x00019361      0x24f Drivers\STM32F1xx_HAL_Driver\Src\stm32f1xx_hal.o
 .debug_macro   0x000195b0      0x141 Drivers\STM32F1xx_HAL_Driver\Src\stm32f1xx_hal.o
 .debug_macro   0x000196f1      0x1ed Drivers\STM32F1xx_HAL_Driver\Src\stm32f1xx_hal.o
 .debug_macro   0x000198de       0x97 Drivers\STM32F1xx_HAL_Driver\Src\stm32f1xx_hal.o
 .debug_macro   0x00019975       0xdf Drivers\STM32F1xx_HAL_Driver\Src\stm32f1xx_hal.o
 .debug_macro   0x00019a54      0x19f Drivers\STM32F1xx_HAL_Driver\Src\stm32f1xx_hal_cortex.o
 .debug_macro   0x00019bf3      0x1ab Drivers\STM32F1xx_HAL_Driver\Src\stm32f1xx_hal_pcd.o
 .debug_macro   0x00019d9e      0x19f Drivers\STM32F1xx_HAL_Driver\Src\stm32f1xx_hal_pcd_ex.o
 .debug_macro   0x00019f3d      0x1b1 Drivers\STM32F1xx_HAL_Driver\Src\stm32f1xx_hal_rcc.o
 .debug_macro   0x0001a0ee      0x19f Drivers\STM32F1xx_HAL_Driver\Src\stm32f1xx_hal_rcc_ex.o
 .debug_macro   0x0001a28d      0x19f Drivers\STM32F1xx_HAL_Driver\Src\stm32f1xx_ll_usb.o
 .debug_macro   0x0001a42c      0x39f Middlewares\ST\STM32_USB_Device_Library\Class\CDC\Src\usbd_cdc.o
 .debug_macro   0x0001a7cb       0x40 Middlewares\ST\STM32_USB_Device_Library\Class\CDC\Src\usbd_cdc.o
 .debug_macro   0x0001a80b       0x8d Middlewares\ST\STM32_USB_Device_Library\Class\CDC\Src\usbd_cdc.o
 .debug_macro   0x0001a898       0x3c Middlewares\ST\STM32_USB_Device_Library\Class\CDC\Src\usbd_cdc.o
 .debug_macro   0x0001a8d4       0x9c Middlewares\ST\STM32_USB_Device_Library\Class\CDC\Src\usbd_cdc.o
 .debug_macro   0x0001a970       0x16 Middlewares\ST\STM32_USB_Device_Library\Class\CDC\Src\usbd_cdc.o
 .debug_macro   0x0001a986       0x57 Middlewares\ST\STM32_USB_Device_Library\Class\CDC\Src\usbd_cdc.o
 .debug_macro   0x0001a9dd       0x97 Middlewares\ST\STM32_USB_Device_Library\Class\CDC\Src\usbd_cdc.o
 .debug_macro   0x0001aa74      0x30d Middlewares\ST\STM32_USB_Device_Library\Class\CDC\Src\usbd_cdc.o
 .debug_macro   0x0001ad81       0xfd Middlewares\ST\STM32_USB_Device_Library\Class\CDC\Src\usbd_cdc.o
 .debug_macro   0x0001ae7e       0x10 Middlewares\ST\STM32_USB_Device_Library\Class\CDC\Src\usbd_cdc.o
 .debug_macro   0x0001ae8e       0x52 Middlewares\ST\STM32_USB_Device_Library\Class\CDC\Src\usbd_cdc.o
 .debug_macro   0x0001aee0       0x1f Middlewares\ST\STM32_USB_Device_Library\Class\CDC\Src\usbd_cdc.o
 .debug_macro   0x0001aeff       0x43 Middlewares\ST\STM32_USB_Device_Library\Class\CDC\Src\usbd_cdc.o
 .debug_macro   0x0001af42       0x20 Middlewares\ST\STM32_USB_Device_Library\Class\CDC\Src\usbd_cdc.o
 .debug_macro   0x0001af62      0x1a3 Middlewares\ST\STM32_USB_Device_Library\Class\CDC\Src\usbd_cdc.o
 .debug_macro   0x0001b105       0x10 Middlewares\ST\STM32_USB_Device_Library\Class\CDC\Src\usbd_cdc.o
 .debug_macro   0x0001b115       0x1c Middlewares\ST\STM32_USB_Device_Library\Class\CDC\Src\usbd_cdc.o
 .debug_macro   0x0001b131       0x52 Middlewares\ST\STM32_USB_Device_Library\Class\CDC\Src\usbd_cdc.o
 .debug_macro   0x0001b183       0x40 Middlewares\ST\STM32_USB_Device_Library\Class\CDC\Src\usbd_cdc.o
 .debug_macro   0x0001b1c3       0x10 Middlewares\ST\STM32_USB_Device_Library\Class\CDC\Src\usbd_cdc.o
 .debug_macro   0x0001b1d3       0x40 Middlewares\ST\STM32_USB_Device_Library\Class\CDC\Src\usbd_cdc.o
 .debug_macro   0x0001b213       0xd7 Middlewares\ST\STM32_USB_Device_Library\Class\CDC\Src\usbd_cdc.o
 .debug_macro   0x0001b2ea       0x16 Middlewares\ST\STM32_USB_Device_Library\Class\CDC\Src\usbd_cdc.o
 .debug_macro   0x0001b300      0x161 Middlewares\ST\STM32_USB_Device_Library\Class\CDC\Src\usbd_cdc.o
 .debug_macro   0x0001b461       0x16 Middlewares\ST\STM32_USB_Device_Library\Class\CDC\Src\usbd_cdc.o
 .debug_macro   0x0001b477       0x35 Middlewares\ST\STM32_USB_Device_Library\Class\CDC\Src\usbd_cdc.o
 .debug_macro   0x0001b4ac       0x16 Middlewares\ST\STM32_USB_Device_Library\Class\CDC\Src\usbd_cdc.o
 .debug_macro   0x0001b4c2       0x29 Middlewares\ST\STM32_USB_Device_Library\Class\CDC\Src\usbd_cdc.o
 .debug_macro   0x0001b4eb       0x16 Middlewares\ST\STM32_USB_Device_Library\Class\CDC\Src\usbd_cdc.o
 .debug_macro   0x0001b501       0x20 Middlewares\ST\STM32_USB_Device_Library\Class\CDC\Src\usbd_cdc.o
 .debug_macro   0x0001b521       0xbd Middlewares\ST\STM32_USB_Device_Library\Class\CDC\Src\usbd_cdc.o
 .debug_macro   0x0001b5de       0x60 Middlewares\ST\STM32_USB_Device_Library\Class\CDC\Src\usbd_cdc.o
 .debug_macro   0x0001b63e      0x1c8 Middlewares\ST\STM32_USB_Device_Library\Class\CDC\Src\usbd_cdc.o
 .debug_macro   0x0001b806       0x8f Middlewares\ST\STM32_USB_Device_Library\Class\CDC\Src\usbd_cdc.o
 .debug_macro   0x0001b895      0x386 Middlewares\ST\STM32_USB_Device_Library\Core\Src\usbd_core.o
 .debug_macro   0x0001bc1b      0x1ce Middlewares\ST\STM32_USB_Device_Library\Core\Src\usbd_core.o
 .debug_macro   0x0001bde9      0x390 Middlewares\ST\STM32_USB_Device_Library\Core\Src\usbd_ctlreq.o
 .debug_macro   0x0001c179      0x38c Middlewares\ST\STM32_USB_Device_Library\Core\Src\usbd_ioreq.o
 .debug_macro   0x0001c505      0x1b3 Src\gpio.o
 .debug_macro   0x0001c6b8      0x3c7 Src\main.o
 .debug_macro   0x0001ca7f       0x46 Src\main.o
 .debug_macro   0x0001cac5      0x307 Src\main.o
 .debug_macro   0x0001cdcc      0x1a9 Src\stm32f1xx_hal_msp.o
 .debug_macro   0x0001cf75      0x1b3 Src\stm32f1xx_it.o
 .debug_macro   0x0001d128      0x1a5 Src\system_stm32f1xx.o
 .debug_macro   0x0001d2cd      0x3c6 Src\usb_device.o
 .debug_macro   0x0001d693       0x22 Src\usb_device.o
 .debug_macro   0x0001d6b5      0x3b1 Src\usbd_cdc_if.o
 .debug_macro   0x0001da66      0x3a9 Src\usbd_conf.o
 .debug_macro   0x0001de0f      0x3c3 Src\usbd_desc.o
 .debug_macro   0x0001e1d2       0x1c Src\usbd_desc.o

.debug_line     0x00000000     0x99d2
 .debug_line    0x00000000      0x6be Drivers\STM32F1xx_HAL_Driver\Src\stm32f1xx_hal.o
 .debug_line    0x000006be      0x796 Drivers\STM32F1xx_HAL_Driver\Src\stm32f1xx_hal_cortex.o
 .debug_line    0x00000e54      0x9f4 Drivers\STM32F1xx_HAL_Driver\Src\stm32f1xx_hal_pcd.o
 .debug_line    0x00001848      0x541 Drivers\STM32F1xx_HAL_Driver\Src\stm32f1xx_hal_pcd_ex.o
 .debug_line    0x00001d89      0x7cd Drivers\STM32F1xx_HAL_Driver\Src\stm32f1xx_hal_rcc.o
 .debug_line    0x00002556      0x6b3 Drivers\STM32F1xx_HAL_Driver\Src\stm32f1xx_hal_rcc_ex.o
 .debug_line    0x00002c09      0xbd3 Drivers\STM32F1xx_HAL_Driver\Src\stm32f1xx_ll_usb.o
 .debug_line    0x000037dc      0x91e Middlewares\ST\STM32_USB_Device_Library\Class\CDC\Src\usbd_cdc.o
 .debug_line    0x000040fa      0x955 Middlewares\ST\STM32_USB_Device_Library\Core\Src\usbd_core.o
 .debug_line    0x00004a4f      0x9f9 Middlewares\ST\STM32_USB_Device_Library\Core\Src\usbd_ctlreq.o
 .debug_line    0x00005448      0x7be Middlewares\ST\STM32_USB_Device_Library\Core\Src\usbd_ioreq.o
 .debug_line    0x00005c06      0x4da Src\gpio.o
 .debug_line    0x000060e0      0x7da Src\main.o
 .debug_line    0x000068ba      0x4df Src\stm32f1xx_hal_msp.o
 .debug_line    0x00006d99      0x582 Src\stm32f1xx_it.o
 .debug_line    0x0000731b      0x515 Src\system_stm32f1xx.o
 .debug_line    0x00007830      0x795 Src\usb_device.o
 .debug_line    0x00007fc5      0x7da Src\usbd_cdc_if.o
 .debug_line    0x0000879f      0x9cd Src\usbd_conf.o
 .debug_line    0x0000916c      0x7e7 Src\usbd_desc.o
 .debug_line    0x00009953       0x7f startup\startup_stm32f107xc.o

.debug_str      0x00000000    0x9b1dc
 .debug_str     0x00000000    0x93931 Drivers\STM32F1xx_HAL_Driver\Src\stm32f1xx_hal.o
                              0x93c86 (size before relaxing)
 .debug_str     0x00093931      0x326 Drivers\STM32F1xx_HAL_Driver\Src\stm32f1xx_hal_cortex.o
                              0x93c86 (size before relaxing)
 .debug_str     0x00093c57      0x8ae Drivers\STM32F1xx_HAL_Driver\Src\stm32f1xx_hal_pcd.o
                              0x93d84 (size before relaxing)
 .debug_str     0x00094505      0x18b Drivers\STM32F1xx_HAL_Driver\Src\stm32f1xx_hal_pcd_ex.o
                              0x939a8 (size before relaxing)
 .debug_str     0x00094690      0x406 Drivers\STM32F1xx_HAL_Driver\Src\stm32f1xx_hal_rcc.o
                              0x9397a (size before relaxing)
 .debug_str     0x00094a96      0x1f1 Drivers\STM32F1xx_HAL_Driver\Src\stm32f1xx_hal_rcc_ex.o
                              0x937ad (size before relaxing)
 .debug_str     0x00094c87      0x676 Drivers\STM32F1xx_HAL_Driver\Src\stm32f1xx_ll_usb.o
                              0x93efb (size before relaxing)
 .debug_str     0x000952fd     0x53f8 Middlewares\ST\STM32_USB_Device_Library\Class\CDC\Src\usbd_cdc.o
                              0x98d43 (size before relaxing)
 .debug_str     0x0009a6f5      0x1b5 Middlewares\ST\STM32_USB_Device_Library\Core\Src\usbd_core.o
                              0x9862d (size before relaxing)
 .debug_str     0x0009a8aa      0x12b Middlewares\ST\STM32_USB_Device_Library\Core\Src\usbd_ctlreq.o
                              0x985b3 (size before relaxing)
 .debug_str     0x0009a9d5       0xc9 Middlewares\ST\STM32_USB_Device_Library\Core\Src\usbd_ioreq.o
                              0x9853b (size before relaxing)
 .debug_str     0x0009aa9e       0x25 Src\gpio.o
                              0x934ee (size before relaxing)
 .debug_str     0x0009aac3       0x85 Src\main.o
                              0x98a24 (size before relaxing)
 .debug_str     0x0009ab48       0x3f Src\stm32f1xx_hal_msp.o
                              0x9351e (size before relaxing)
 .debug_str     0x0009ab87       0xb8 Src\stm32f1xx_it.o
                              0x9352d (size before relaxing)
 .debug_str     0x0009ac3f       0x9c Src\system_stm32f1xx.o
                              0x935b2 (size before relaxing)
 .debug_str     0x0009acdb       0xb7 Src\usb_device.o
                              0x9886b (size before relaxing)
 .debug_str     0x0009ad92       0xa7 Src\usbd_cdc_if.o
                              0x988e3 (size before relaxing)
 .debug_str     0x0009ae39      0x156 Src\usbd_conf.o
                              0x98e7f (size before relaxing)
 .debug_str     0x0009af8f      0x24d Src\usbd_desc.o
                              0x9849b (size before relaxing)

.comment        0x00000000       0x7c
 .comment       0x00000000       0x7c Drivers\STM32F1xx_HAL_Driver\Src\stm32f1xx_hal.o
                                 0x7d (size before relaxing)
 .comment       0x0000007c       0x7d Drivers\STM32F1xx_HAL_Driver\Src\stm32f1xx_hal_cortex.o
 .comment       0x0000007c       0x7d Drivers\STM32F1xx_HAL_Driver\Src\stm32f1xx_hal_pcd.o
 .comment       0x0000007c       0x7d Drivers\STM32F1xx_HAL_Driver\Src\stm32f1xx_hal_pcd_ex.o
 .comment       0x0000007c       0x7d Drivers\STM32F1xx_HAL_Driver\Src\stm32f1xx_hal_rcc.o
 .comment       0x0000007c       0x7d Drivers\STM32F1xx_HAL_Driver\Src\stm32f1xx_hal_rcc_ex.o
 .comment       0x0000007c       0x7d Drivers\STM32F1xx_HAL_Driver\Src\stm32f1xx_ll_usb.o
 .comment       0x0000007c       0x7d Middlewares\ST\STM32_USB_Device_Library\Class\CDC\Src\usbd_cdc.o
 .comment       0x0000007c       0x7d Middlewares\ST\STM32_USB_Device_Library\Core\Src\usbd_core.o
 .comment       0x0000007c       0x7d Middlewares\ST\STM32_USB_Device_Library\Core\Src\usbd_ctlreq.o
 .comment       0x0000007c       0x7d Middlewares\ST\STM32_USB_Device_Library\Core\Src\usbd_ioreq.o
 .comment       0x0000007c       0x7d Src\gpio.o
 .comment       0x0000007c       0x7d Src\main.o
 .comment       0x0000007c       0x7d Src\stm32f1xx_hal_msp.o
 .comment       0x0000007c       0x7d Src\stm32f1xx_it.o
 .comment       0x0000007c       0x7d Src\system_stm32f1xx.o
 .comment       0x0000007c       0x7d Src\usb_device.o
 .comment       0x0000007c       0x7d Src\usbd_cdc_if.o
 .comment       0x0000007c       0x7d Src\usbd_conf.o
 .comment       0x0000007c       0x7d Src\usbd_desc.o

.debug_frame    0x00000000     0x2a8c
 .debug_frame   0x00000000      0x334 Drivers\STM32F1xx_HAL_Driver\Src\stm32f1xx_hal.o
 .debug_frame   0x00000334      0x428 Drivers\STM32F1xx_HAL_Driver\Src\stm32f1xx_hal_cortex.o
 .debug_frame   0x0000075c      0x544 Drivers\STM32F1xx_HAL_Driver\Src\stm32f1xx_hal_pcd.o
 .debug_frame   0x00000ca0       0xb0 Drivers\STM32F1xx_HAL_Driver\Src\stm32f1xx_hal_pcd_ex.o
 .debug_frame   0x00000d50      0x224 Drivers\STM32F1xx_HAL_Driver\Src\stm32f1xx_hal_rcc.o
 .debug_frame   0x00000f74      0x118 Drivers\STM32F1xx_HAL_Driver\Src\stm32f1xx_hal_rcc_ex.o
 .debug_frame   0x0000108c      0x78c Drivers\STM32F1xx_HAL_Driver\Src\stm32f1xx_ll_usb.o
 .debug_frame   0x00001818      0x248 Middlewares\ST\STM32_USB_Device_Library\Class\CDC\Src\usbd_cdc.o
 .debug_frame   0x00001a60      0x300 Middlewares\ST\STM32_USB_Device_Library\Core\Src\usbd_core.o
 .debug_frame   0x00001d60      0x218 Middlewares\ST\STM32_USB_Device_Library\Core\Src\usbd_ctlreq.o
 .debug_frame   0x00001f78      0x10c Middlewares\ST\STM32_USB_Device_Library\Core\Src\usbd_ioreq.o
 .debug_frame   0x00002084       0x38 Src\gpio.o
 .debug_frame   0x000020bc       0x94 Src\main.o
 .debug_frame   0x00002150       0x38 Src\stm32f1xx_hal_msp.o
 .debug_frame   0x00002188      0x10c Src\stm32f1xx_it.o
 .debug_frame   0x00002294       0x58 Src\system_stm32f1xx.o
 .debug_frame   0x000022ec       0x2c Src\usb_device.o
 .debug_frame   0x00002318       0xe4 Src\usbd_cdc_if.o
 .debug_frame   0x000023fc      0x484 Src\usbd_conf.o
 .debug_frame   0x00002880      0x160 Src\usbd_desc.o
 .debug_frame   0x000029e0       0x2c c:/program files (x86)/atollic/truestudio for stm32 9.3.0/armtools/bin/../lib/gcc/arm-atollic-eabi/6.3.1/../../../../arm-atollic-eabi/lib/armv7-m\libc_nano.a(lib_a-init.o)
 .debug_frame   0x00002a0c       0x20 c:/program files (x86)/atollic/truestudio for stm32 9.3.0/armtools/bin/../lib/gcc/arm-atollic-eabi/6.3.1/../../../../arm-atollic-eabi/lib/armv7-m\libc_nano.a(lib_a-memset.o)
 .debug_frame   0x00002a2c       0x2c c:/program files (x86)/atollic/truestudio for stm32 9.3.0/armtools/bin/../lib/gcc/arm-atollic-eabi/6.3.1/armv7-m\libgcc.a(_aeabi_uldivmod.o)
 .debug_frame   0x00002a58       0x34 c:/program files (x86)/atollic/truestudio for stm32 9.3.0/armtools/bin/../lib/gcc/arm-atollic-eabi/6.3.1/armv7-m\libgcc.a(_udivmoddi4.o)
